// Jest Snapshot v1, https://goo.gl/fbAQLP

exports[`get parcel component should render without crashing 1`] = `ShallowWrapper {}`;
