// Jest Snapshot v1, https://goo.gl/fbAQLP

exports[`register component should render without crashing 1`] = `ShallowWrapper {}`;
